src/services/auth.service.ts(3,33): error TS2339: Property 'env' does not exist on type 'ImportMeta'.
src/services/supabaseClient.ts(3,34): error TS2339: Property 'env' does not exist on type 'ImportMeta'.
src/services/supabaseClient.ts(4,34): error TS2339: Property 'env' does not exist on type 'ImportMeta'.
src/services/versions.service.ts(22,37): error TS2339: Property 'env' does not exist on type 'ImportMeta'.
src/services/versions.service.ts(28,31): error TS2339: Property 'env' does not exist on type 'ImportMeta'.
